// Jest Snapshot v1, https://goo.gl/fbAQLP

exports[`PropertyCard renders correctly 1`] = `
<DocumentFragment>
  <div
    class="property-card"
    data-testid="property-card"
  >
    <div
      class="title"
      data-testid="property-card__title"
    />
    <div
      class="type-city"
      data-testid="property-card__type"
    />
    <div
      class="type-city"
      data-testid="property-card__city"
    />
    <div
      class="bathrooms"
      data-testid="property-card__bathrooms"
    >
      Bathrooms: 
    </div>
    <div
      class="bedrooms"
      data-testid="property-card__bedrooms"
    >
      Bedrooms: 
    </div>
    <div
      class="price"
      data-testid="property-card__price"
    >
      Â£
    </div>
    <div
      class="email"
      data-testid="property-card__email"
    >
      <a
        href="mailto:undefined"
      >
        Send email
      </a>
    </div>
  </div>
</DocumentFragment>
`;
